$ tsc && vite build --config vite.config.ts
vite v6.4.3 building for production...
transforming...
✓ 4799 modules transformed.
Circular chunk: flowDiagram-HODETNUW -> diagram-chunk-SHT3W25Y -> diagram-chunk-TLUHSLCS -> diagram-chunk-L3NEJ4N5 -> diagram-chunk-GVQU2GXP -> diagram-chunk-4HAMMTFA -> flowDiagram-HODETNUW. Please consider disabling the "output.onlyExplicitManualChunks" option, as enabling it causes modules located between the modules included in the manual chunk "diagram-chunk-4HAMMTFA" to be extracted into the separate chunk "flowDiagram-HODETNUW".
Circular chunk: flowDiagram-HODETNUW -> diagram-chunk-SHT3W25Y -> diagram-chunk-TLUHSLCS -> diagram-chunk-L3NEJ4N5 -> flowDiagram-HODETNUW. Please consider disabling the "output.onlyExplicitManualChunks" option, as enabling it causes modules located between the modules included in the manual chunk "diagram-chunk-L3NEJ4N5" to be extracted into the separate chunk "flowDiagram-HODETNUW".
Circular chunk: flowDiagram-HODETNUW -> diagram-chunk-SHT3W25Y -> diagram-chunk-TLUHSLCS -> diagram-chunk-OSK3NFVY -> flowDiagram-HODETNUW. Please consider disabling the "output.onlyExplicitManualChunks" option, as enabling it causes modules located between the modules included in the manual chunk "diagram-chunk-OSK3NFVY" to be extracted into the separate chunk "flowDiagram-HODETNUW".
rendering chunks...
[plugin agentwiki-client-bundle-budget] Initial JavaScript: 548576/550000 bytes; lazy parser exceptions: 1
computing gzip size...
dist/index.html                                         0.71 kB │ gzip:   0.37 kB
dist/assets/KaTeX_Size3-Regular-CTq5MqoE.woff           4.42 kB
dist/assets/KaTeX_Size4-Regular-Dl5lxZxV.woff2          4.93 kB
dist/assets/KaTeX_Size2-Regular-Dy4dx90m.woff2          5.21 kB
dist/assets/KaTeX_Size1-Regular-mCD8mA8B.woff2          5.47 kB
dist/assets/KaTeX_Size4-Regular-BF-4gkZK.woff           5.98 kB
dist/assets/KaTeX_Size2-Regular-oD1tc_U0.woff           6.19 kB
dist/assets/KaTeX_Size1-Regular-C195tn64.woff           6.50 kB
dist/assets/KaTeX_Caligraphic-Regular-Di6jR-x-.woff2    6.91 kB
dist/assets/KaTeX_Caligraphic-Bold-Dq_IR9rO.woff2       6.91 kB
dist/assets/KaTeX_Size3-Regular-DgpXs0kz.ttf            7.59 kB
dist/assets/KaTeX_Caligraphic-Regular-CTRA-rTL.woff     7.66 kB
dist/assets/KaTeX_Caligraphic-Bold-BEiXGLvX.woff        7.72 kB
dist/assets/KaTeX_Script-Regular-D3wIWfF6.woff2         9.64 kB
dist/assets/KaTeX_SansSerif-Regular-DDBCnlJ7.woff2     10.34 kB
dist/assets/KaTeX_Size4-Regular-DWFBv043.ttf           10.36 kB
dist/assets/KaTeX_Script-Regular-D5yQViql.woff         10.59 kB
dist/assets/KaTeX_Fraktur-Regular-CTYiF6lA.woff2       11.32 kB
dist/assets/KaTeX_Fraktur-Bold-CL6g_b3V.woff2          11.35 kB
dist/assets/KaTeX_Size2-Regular-B7gKUWhC.ttf           11.51 kB
dist/assets/KaTeX_SansSerif-Italic-C3H0VqGB.woff2      12.03 kB
dist/assets/KaTeX_SansSerif-Bold-D1sUS0GD.woff2        12.22 kB
dist/assets/KaTeX_Size1-Regular-Dbsnue_I.ttf           12.23 kB
dist/assets/KaTeX_SansSerif-Regular-CS6fqUqJ.woff      12.32 kB
dist/assets/KaTeX_Caligraphic-Regular-wX97UBjC.ttf     12.34 kB
dist/assets/KaTeX_Caligraphic-Bold-ATXxdsX0.ttf        12.37 kB
dist/assets/KaTeX_Fraktur-Regular-Dxdc4cR9.woff        13.21 kB
dist/assets/KaTeX_Fraktur-Bold-BsDP51OF.woff           13.30 kB
dist/assets/KaTeX_Typewriter-Regular-CO6r4hn1.woff2    13.57 kB
dist/assets/KaTeX_SansSerif-Italic-DN2j7dab.woff       14.11 kB
dist/assets/KaTeX_SansSerif-Bold-DbIhKOiC.woff         14.41 kB
dist/assets/KaTeX_Typewriter-Regular-C0xS9mPB.woff     16.03 kB
dist/assets/KaTeX_Math-BoldItalic-CZnvNsCZ.woff2       16.40 kB
dist/assets/KaTeX_Math-Italic-t53AETM-.woff2           16.44 kB
dist/assets/KaTeX_Script-Regular-C5JkGWo-.ttf          16.65 kB
dist/assets/KaTeX_Main-BoldItalic-DxDJ3AOS.woff2       16.78 kB
dist/assets/KaTeX_Main-Italic-NWA7e6Wa.woff2           16.99 kB
dist/assets/KaTeX_Math-BoldItalic-iY-2wyZ7.woff        18.67 kB
dist/assets/KaTeX_Math-Italic-DA0__PXp.woff            18.75 kB
dist/assets/KaTeX_Main-BoldItalic-SpSLRI95.woff        19.41 kB
dist/assets/KaTeX_SansSerif-Regular-BNo7hRIc.ttf       19.44 kB
dist/assets/KaTeX_Fraktur-Regular-CB_wures.ttf         19.57 kB
dist/assets/KaTeX_Fraktur-Bold-BdnERNNW.ttf            19.58 kB
dist/assets/KaTeX_Main-Italic-BMLOBm91.woff            19.68 kB
dist/assets/KaTeX_SansSerif-Italic-YYjJ1zSn.ttf        22.36 kB
dist/assets/KaTeX_SansSerif-Bold-CFMepnvq.ttf          24.50 kB
dist/assets/KaTeX_Main-Bold-Cx986IdX.woff2             25.32 kB
dist/assets/KaTeX_Main-Regular-B22Nviop.woff2          26.27 kB
dist/assets/KaTeX_Typewriter-Regular-D3Ib7_Hf.ttf      27.56 kB
dist/assets/KaTeX_AMS-Regular-BQhdFMY1.woff2           28.08 kB
dist/assets/KaTeX_Main-Bold-Jm3AIy58.woff              29.91 kB
dist/assets/KaTeX_Main-Regular-Dr94JaBh.woff           30.77 kB
dist/assets/KaTeX_Math-BoldItalic-B3XSjfu4.ttf         31.20 kB
dist/assets/KaTeX_Math-Italic-flOr_0UB.ttf             31.31 kB
dist/assets/KaTeX_Main-BoldItalic-DzxPMmG6.ttf         32.97 kB
dist/assets/KaTeX_AMS-Regular-DMm9YOAa.woff            33.52 kB
dist/assets/KaTeX_Main-Italic-3WenGoN9.ttf             33.58 kB
dist/assets/KaTeX_Main-Bold-waoOVXN0.ttf               51.34 kB
dist/assets/KaTeX_Main-Regular-ypZvNtVU.ttf            53.58 kB
dist/assets/KaTeX_AMS-Regular-DRggAlZN.ttf             63.63 kB
dist/assets/github-BfC0goYb.css                         1.31 kB │ gzip:   0.61 kB
dist/assets/TaskboardPage-Cxlp5kib.css                 11.81 kB │ gzip:   3.10 kB
dist/assets/math-vendor-CEK31ho9.css                   30.19 kB │ gzip:   8.06 kB
dist/assets/index-DTdfyw6F.css                         71.14 kB │ gzip:  13.45 kB
dist/assets/channel-BZr7UVwE.js                         0.11 kB │ gzip:   0.12 kB
dist/assets/_commonjsHelpers-CqkleIqs.js                0.12 kB │ gzip:   0.13 kB
dist/assets/localSync-GfWnogWt.js                       0.12 kB │ gzip:   0.13 kB
dist/assets/diagram-chunk-Y2CYZVJY-DM6BcmAw.js          0.15 kB │ gzip:   0.14 kB
dist/assets/index-qTtrKbZm.js                           0.18 kB │ gzip:   0.16 kB
dist/assets/diagram-chunk-2Q5K7J3B-BZmqR50z.js          0.20 kB │ gzip:   0.18 kB
dist/assets/diagram-chunk-XXDRQBXY-HDL0wR7m.js          0.29 kB │ gzip:   0.24 kB
dist/assets/check-BqA5xZfc.js                           0.30 kB │ gzip:   0.24 kB
dist/assets/chevron-right-4d96x11m.js                   0.30 kB │ gzip:   0.25 kB
dist/assets/diagram-chunk-JWPE2WC7-DxSf5YdD.js          0.31 kB │ gzip:   0.22 kB
dist/assets/diff-DbItnlRl.js                            0.31 kB │ gzip:   0.24 kB
dist/assets/loader-circle-Du7D__2m.js                   0.32 kB │ gzip:   0.26 kB
dist/assets/runtime-label-Ct6qlnXe.js                   0.32 kB │ gzip:   0.22 kB
dist/assets/plus-B-Q2xLlT.js                            0.33 kB │ gzip:   0.25 kB
dist/assets/arrow-left-BYToU-KB.js                      0.34 kB │ gzip:   0.26 kB
dist/assets/content-tree-DZlR8n5Z.js                    0.34 kB │ gzip:   0.28 kB
dist/assets/clock-3-B28Vzn81.js                         0.34 kB │ gzip:   0.27 kB
dist/assets/clock-BmpAi9HC.js                           0.34 kB │ gzip:   0.27 kB
dist/assets/circle-check-CsOi2aqa.js                    0.35 kB │ gzip:   0.27 kB
dist/assets/ban-D6ZiITH-.js                             0.35 kB │ gzip:   0.28 kB
dist/assets/circle-dot-CTMgtatx.js                      0.35 kB │ gzip:   0.25 kB
dist/assets/play-CWzpoVYc.js                            0.36 kB │ gzip:   0.28 kB
dist/assets/rotate-ccw-B-DxPGs4.js                      0.37 kB │ gzip:   0.29 kB
dist/assets/diagram-chunk-5VM5RSS4-BN8zEETA.js          0.38 kB │ gzip:   0.28 kB
dist/assets/lock-kTjgFgvp.js                            0.38 kB │ gzip:   0.30 kB
dist/assets/circle-x-Cek7OMgz.js                        0.38 kB │ gzip:   0.28 kB
dist/assets/pause-Chuieua3.js                           0.38 kB │ gzip:   0.27 kB
dist/assets/diagram-chunk-CLGD4ZFX-nvV2EHAk.js          0.39 kB │ gzip:   0.29 kB
dist/assets/validatorLength-DFExYbAS.js                 0.40 kB │ gzip:   0.24 kB
dist/assets/folder-7qrsVhTW.js                          0.40 kB │ gzip:   0.29 kB
dist/assets/copy-C9pZyvPD.js                            0.41 kB │ gzip:   0.31 kB
dist/assets/database-7FQiOfye.js                        0.42 kB │ gzip:   0.30 kB
dist/assets/external-link-2qx3wetl.js                   0.42 kB │ gzip:   0.30 kB
dist/assets/zap-DmFb7Ng4.js                             0.43 kB │ gzip:   0.31 kB
dist/assets/key-BjGW4hDD.js                             0.44 kB │ gzip:   0.32 kB
dist/assets/triangle-alert-T1qmqMeO.js                  0.44 kB │ gzip:   0.31 kB
dist/assets/shield-check-DW_zadqu.js                    0.49 kB │ gzip:   0.36 kB
dist/assets/refresh-cw-qTI2iuY9.js                      0.49 kB │ gzip:   0.33 kB
dist/assets/save-BTrLqRnl.js                            0.50 kB │ gzip:   0.33 kB
dist/assets/trash-2-wJ7pAWAr.js                         0.50 kB │ gzip:   0.32 kB
dist/assets/file-plus-corner-CuViBCVW.js                0.52 kB │ gzip:   0.35 kB
dist/assets/plug-zap-DGaPeuQd.js                        0.53 kB │ gzip:   0.34 kB
dist/assets/key-round-BHJtKZGE.js                       0.53 kB │ gzip:   0.36 kB
dist/assets/brainfuck-C4LP7Hcl.js                       0.61 kB │ gzip:   0.33 kB
dist/assets/newContentNavigation-DYxdHk8f.js            0.62 kB │ gzip:   0.45 kB
dist/assets/diagram-chunk-POPQ4Y6H-CYdi8o_o.js          0.64 kB │ gzip:   0.43 kB
dist/assets/properties-C78fOPTZ.js                      0.67 kB │ gzip:   0.35 kB
dist/assets/cmake-BQqOBYOt.js                           0.78 kB │ gzip:   0.46 kB
dist/assets/asciiarmor-Df11BRmG.js                      0.79 kB │ gzip:   0.41 kB
dist/assets/agentJoinInstructions-C9Xk4Clf.js           0.81 kB │ gzip:   0.48 kB
dist/assets/http-DBlCnlav.js                            0.85 kB │ gzip:   0.41 kB
dist/assets/protobuf-ChK-085T.js                        0.86 kB │ gzip:   0.52 kB
dist/assets/solr-DehyRSwq.js                            0.87 kB │ gzip:   0.46 kB
dist/assets/Toast-BzH4RRTT.js                           0.88 kB │ gzip:   0.53 kB
dist/assets/infoDiagram-27XIBGKW-Yad7Ori1.js            0.95 kB │ gzip:   0.57 kB
dist/assets/troff-wAsdV37c.js                           0.96 kB │ gzip:   0.44 kB
dist/assets/sizeCapture-INFHLROL-BBkrtAjs.js            0.98 kB │ gzip:   0.55 kB
dist/assets/TemplateTreePreview-BflH6SNg.js             1.14 kB │ gzip:   0.61 kB
dist/assets/spreadsheet-BCZA_wO0.js                     1.14 kB │ gzip:   0.54 kB
dist/assets/toml-Bm5Em-hy.js                            1.14 kB │ gzip:   0.54 kB
dist/assets/preload-helper-ckwbz45p.js                  1.14 kB │ gzip:   0.66 kB
dist/assets/mbox-CNhZ1qSd.js                            1.40 kB │ gzip:   0.66 kB
dist/assets/diagram-chunk-X3CZISLH-B_EWQfoo.js          1.45 kB │ gzip:   0.58 kB
dist/assets/swimlanesDiagram-VR7AAH4N-DS1Z65Ww.js       1.50 kB │ gzip:   0.72 kB
dist/assets/classDiagram-ZZMXUADV-abIdDpLQ.js           1.50 kB │ gzip:   0.70 kB
dist/assets/classDiagram-v2-VYDZK3BY-abIdDpLQ.js        1.50 kB │ gzip:   0.70 kB
dist/assets/stateDiagram-v2-MP3YSRHH-C49wMsDi.js        1.50 kB │ gzip:   0.71 kB
dist/assets/diagram-chunk-GVQU2GXP-CFynXkpq.js          1.56 kB │ gzip:   0.85 kB
dist/assets/sieve-C3Gn_uJK.js                           1.62 kB │ gzip:   0.77 kB
dist/assets/rpm-CTu-6PCP.js                             1.62 kB │ gzip:   0.83 kB
dist/assets/factor-kuTfRLto.js                          1.67 kB │ gzip:   0.61 kB
dist/assets/diagram-chunk-PWAF6VOD-3IFhwBSm.js          1.71 kB │ gzip:   0.92 kB
dist/assets/useBoundedPolling-7uZXgPaO.js               1.72 kB │ gzip:   0.86 kB
dist/assets/z80-Hz9HOZM7.js                             1.75 kB │ gzip:   0.81 kB
dist/assets/eiffel-CnydiIhH.js                          1.81 kB │ gzip:   0.92 kB
dist/assets/elm-vLlmbW-K.js                             1.89 kB │ gzip:   0.82 kB
dist/assets/index-CwNcbkkA.js                           1.90 kB │ gzip:   0.84 kB
dist/assets/mathematica-DTrFuWx2.js                     1.92 kB │ gzip:   0.82 kB
dist/assets/dockerfile-BKs6k2Af.js                      1.95 kB │ gzip:   0.67 kB
dist/assets/turtle-B1tBg_DP.js                          1.98 kB │ gzip:   0.90 kB
dist/assets/railroadDiagram-O6MQD6OU-vARiUnVz.js        1.98 kB │ gzip:   0.92 kB
dist/assets/ebnf-CDyGwa7X.js                            1.99 kB │ gzip:   0.81 kB
dist/assets/smalltalk-CnHTOXQT.js                       2.01 kB │ gzip:   0.85 kB
dist/assets/diagram-chunk-F27PBJKO-eIs_5Lbh.js          2.02 kB │ gzip:   0.90 kB
dist/assets/ModalDialog-CKeHEQce.js                     2.03 kB │ gzip:   1.00 kB
dist/assets/diagram-chunk-P2QGCYS3-DSI8q0aH.js          2.04 kB │ gzip:   1.01 kB
dist/assets/dtd-DF_7sFjM.js                             2.06 kB │ gzip:   0.87 kB
dist/assets/mumps-BT43cFF4.js                           2.07 kB │ gzip:   0.98 kB
dist/assets/fcl-Kvtd6kyn.js                             2.08 kB │ gzip:   0.95 kB
dist/assets/ntriples-BfvgReVJ.js                        2.10 kB │ gzip:   0.75 kB
dist/assets/yacas-BJ4BC0dw.js                           2.15 kB │ gzip:   1.09 kB
dist/assets/abnfDiagram-VCTEODGH-w7SrvqWm.js            2.19 kB │ gzip:   1.06 kB
dist/assets/ForcePasswordChange-CW19sBI0.js             2.20 kB │ gzip:   0.97 kB
dist/assets/simple-mode-GW_nhZxv.js                     2.28 kB │ gzip:   1.09 kB
dist/assets/apl-B4CMkyY2.js                             2.30 kB │ gzip:   1.23 kB
dist/assets/pascal--L3eBynH.js                          2.30 kB │ gzip:   1.19 kB
dist/assets/octave-Ck1zUtKM.js                          2.31 kB │ gzip:   1.09 kB
dist/assets/commonlisp-DBKNyK5s.js                      2.32 kB │ gzip:   1.10 kB
dist/assets/pegDiagram-XKGWAZYB-DT8W2AzP.js             2.34 kB │ gzip:   1.09 kB
dist/assets/tcl-DVfN8rqt.js                             2.36 kB │ gzip:   1.23 kB
dist/assets/ebnfDiagram-PWID7BFC-GaHrD9O-.js            2.39 kB │ gzip:   1.05 kB
dist/assets/index-zRF7oKBp.js                           2.42 kB │ gzip:   1.51 kB
dist/assets/contentTreeApi-B00iIVo6.js                  2.48 kB │ gzip:   0.93 kB
dist/assets/webidl-ZXfAyPTL.js                          2.52 kB │ gzip:   1.26 kB
dist/assets/pig-CevX1Tat.js                             2.53 kB │ gzip:   1.38 kB
dist/assets/puppet-DMA9R1ak.js                          2.54 kB │ gzip:   1.20 kB
dist/assets/forth-Ffai-XNe.js                           2.54 kB │ gzip:   1.33 kB
dist/assets/pageTemplateApi-BVS3vRax.js                 2.57 kB │ gzip:   1.00 kB
dist/assets/shell-CjFT_Tl9.js                           2.57 kB │ gzip:   1.21 kB
dist/assets/index-6Ta7QrYC.js                           2.63 kB │ gzip:   1.51 kB
dist/assets/velocity-D8B20fx6.js                        2.67 kB │ gzip:   1.11 kB
dist/assets/tiddlywiki-DO-Gjzrf.js                      2.78 kB │ gzip:   1.07 kB
dist/assets/modelica-Dc1JOy9r.js                        2.79 kB │ gzip:   1.29 kB
dist/assets/api-D87xWNRp.js                             2.87 kB │ gzip:   0.63 kB
dist/assets/oz-BzwKVEFT.js                              2.90 kB │ gzip:   1.28 kB
dist/assets/r-B6wPVr8A.js                               2.94 kB │ gzip:   1.36 kB
dist/assets/SearchResults-DB4GjJyB.js                   3.04 kB │ gzip:   1.33 kB
dist/assets/stex-C3f8Ysf7.js                            3.12 kB │ gzip:   1.20 kB
dist/assets/IngestRunDetails-D_JPBOjx.js                3.16 kB │ gzip:   1.36 kB
dist/assets/tiki-DGYXhP31.js                            3.25 kB │ gzip:   1.26 kB
dist/assets/compositeTemplateApi-DcSplaXf.js            3.29 kB │ gzip:   0.92 kB
dist/assets/vhdl-lSbBsy5d.js                            3.35 kB │ gzip:   1.51 kB
dist/assets/lua-VAEuO923.js                             3.41 kB │ gzip:   1.43 kB
dist/assets/mscgen-BA5vi2Kp.js                          3.51 kB │ gzip:   0.98 kB
dist/assets/sparql-DkYu6x3z.js                          3.55 kB │ gzip:   1.63 kB
dist/assets/cypher-C_CwsFkJ.js                          3.56 kB │ gzip:   1.52 kB
dist/assets/d-pRatUO7H.js                               3.72 kB │ gzip:   1.68 kB
dist/assets/RunsPage-WCsruGgb.js                        3.77 kB │ gzip:   1.64 kB
dist/assets/coffeescript-S37ZYGWr.js                    3.87 kB │ gzip:   1.69 kB
dist/assets/vb-CmGdzxic.js                              3.90 kB │ gzip:   1.79 kB
dist/assets/swift-BzpIVaGY.js                           3.96 kB │ gzip:   1.79 kB
dist/assets/asn1-EdZsLKOL.js                            3.98 kB │ gzip:   1.96 kB
dist/assets/q-pXgVlZs6.js                               4.03 kB │ gzip:   1.67 kB
dist/assets/ttcn-cfg-B9xdYoR4.js                        4.05 kB │ gzip:   1.71 kB
dist/assets/dylan-DwRh75JA.js                           4.05 kB │ gzip:   1.65 kB
dist/assets/livescript-BwQOo05w.js                      4.09 kB │ gzip:   1.64 kB
dist/assets/groovy-D9Dt4D0W.js                          4.14 kB │ gzip:   1.77 kB
dist/assets/haskell-Cw1EW3IL.js                         4.17 kB │ gzip:   1.89 kB
dist/assets/MarkdownDiff-AdUBEg56.js                    4.26 kB │ gzip:   2.20 kB
dist/assets/CollaborationSettingsPanel-CstAxAO2.js      4.39 kB │ gzip:   1.63 kB
dist/assets/index-DQNRB4al.js                           4.40 kB │ gzip:   2.22 kB
dist/assets/html-DoddmNeG.js                            4.42 kB │ gzip:   2.01 kB
dist/assets/diagram-chunk-TLUHSLCS-BYQUr_c8.js          4.44 kB │ gzip:   1.76 kB
dist/assets/asterisk-B-8jnY81.js                        4.48 kB │ gzip:   1.78 kB
dist/assets/gas-Bneqetm1.js                             4.57 kB │ gzip:   1.28 kB
dist/assets/fortran-DYz_wnZ1.js                         4.65 kB │ gzip:   2.01 kB
dist/assets/diagram-Z3DM3KII-Cl8JmqAe.js                4.73 kB │ gzip:   2.08 kB
dist/assets/mllike-CXdrOF99.js                          4.79 kB │ gzip:   1.53 kB
dist/assets/ttcn-CfJYG6tj.js                            4.80 kB │ gzip:   2.13 kB
dist/assets/AgentList-CgsSRnDo.js                       5.05 kB │ gzip:   1.76 kB
dist/assets/ecl-Cabwm37j.js                             5.13 kB │ gzip:   2.31 kB
dist/assets/crystal-SjHAIU92.js                         5.13 kB │ gzip:   2.07 kB
dist/assets/ruby-B2Rjki9n.js                            5.16 kB │ gzip:   2.15 kB
dist/assets/julia-DuME0IfC.js                           5.39 kB │ gzip:   2.14 kB
dist/assets/pieDiagram-E7YTZNPT-PIMVlS6N.js             5.60 kB │ gzip:   2.39 kB
dist/assets/vbscript-BuJXcnF6.js                        5.82 kB │ gzip:   2.57 kB
dist/assets/mirc-CjQqDB4T.js                            5.92 kB │ gzip:   2.68 kB
dist/assets/index-DfYmoPQp.js                           6.06 kB │ gzip:   2.91 kB
dist/assets/cobol-CWcv1MsR.js                           6.20 kB │ gzip:   2.96 kB
dist/assets/DocsOverview-CE2_aaMj.js                    6.28 kB │ gzip:   2.71 kB
dist/assets/scheme-C41bIUwD.js                          6.37 kB │ gzip:   2.39 kB
dist/assets/python-BuPzkPfP.js                          6.48 kB │ gzip:   2.73 kB
dist/assets/index-FZhwPZA2.js                           6.60 kB │ gzip:   3.26 kB
dist/assets/xquery-DzFWVndE.js                          6.62 kB │ gzip:   2.56 kB
dist/assets/pug-DeIclll2.js                             6.67 kB │ gzip:   1.94 kB
dist/assets/diagram-UQ7AKVKN-DuUvOw_O.js                6.71 kB │ gzip:   2.90 kB
dist/assets/DocsSync-DcNWJMoB.js                        6.75 kB │ gzip:   3.41 kB
dist/assets/textile-CnDTJFAw.js                         6.80 kB │ gzip:   2.44 kB
dist/assets/nsis-LdVXkNf5.js                            6.81 kB │ gzip:   2.99 kB
dist/assets/merge-BCTu3plE.js                           6.92 kB │ gzip:   2.32 kB
dist/assets/dayjs.min-Dh4us8EF.js                       7.17 kB │ gzip:   3.13 kB
dist/assets/nginx-DdIZxoE0.js                           7.34 kB │ gzip:   2.72 kB
dist/assets/powershell-CFHJl5sT.js                      7.77 kB │ gzip:   3.33 kB
dist/assets/haxe-H-WmDvRZ.js                            7.89 kB │ gzip:   2.95 kB
dist/assets/erlang-BNw1qcRV.js                          8.10 kB │ gzip:   2.89 kB
dist/assets/verilog-C6RDOZhf.js                         8.24 kB │ gzip:   3.52 kB
dist/assets/Dashboard-DU2yXtvv.js                       8.34 kB │ gzip:   2.99 kB
dist/assets/PageVersionHistory-DP2G2jtA.js              8.64 kB │ gzip:   3.09 kB
dist/assets/OnboardDevicePage-DyTLN1x2.js               8.79 kB │ gzip:   3.43 kB
dist/assets/diagram-S7CK7UJ4-Be14OgIm.js                8.92 kB │ gzip:   3.98 kB
dist/assets/diagram-chunk-75Z2AOVW-BpkUaqx3.js          9.33 kB │ gzip:   4.22 kB
dist/assets/sas-B4kiWyti.js                             9.33 kB │ gzip:   4.11 kB
dist/assets/Profile-CDeUwrr3.js                         9.47 kB │ gzip:   2.83 kB
dist/assets/DocsArchitecture-yLwebFp0.js                9.52 kB │ gzip:   4.02 kB
dist/assets/DocsSecurity-leAWdRAm.js                    9.61 kB │ gzip:   3.99 kB
dist/assets/github-B-Ydjs9u.js                          9.62 kB │ gzip:   4.03 kB
dist/assets/perl-CdXCOZ3F.js                            9.75 kB │ gzip:   3.46 kB
dist/assets/DocsFeatures-CpUpTTfF.js                    9.78 kB │ gzip:   4.80 kB
dist/assets/diagram-chunk-L3NEJ4N5-CkpNmF1I.js         10.02 kB │ gzip:   2.73 kB
dist/assets/SpaceSettings-BqOtEUgs.js                  10.04 kB │ gzip:   3.82 kB
dist/assets/gherkin-heZmZLOM.js                        10.16 kB │ gzip:   5.09 kB
dist/assets/invert-bpIwAhrV.js                         10.28 kB │ gzip:   3.85 kB
dist/assets/diagram-chunk-GMAD6QVW-B6KtSYdY.js         10.43 kB │ gzip:   4.24 kB
dist/assets/cynefinDiagram-5FMLGOSQ-CDNrpvuD.js        10.58 kB │ gzip:   3.85 kB
dist/assets/clojure-BMjYHr_A.js                        10.82 kB │ gzip:   3.99 kB
dist/assets/diagram-chunk-2E4U76K2-Cku1xr5V.js         11.08 kB │ gzip:   4.35 kB
dist/assets/CompositeDefinitionEditor-6Jp6Q4kp.js      11.19 kB │ gzip:   3.27 kB
dist/assets/diagram-VSXAHHWV-CIQK_uDJ.js               11.26 kB │ gzip:   4.37 kB
dist/assets/stateDiagram-D77RDMKH-D0chOtty.js          11.41 kB │ gzip:   4.06 kB
dist/assets/ObsidianGuide-YZsr28cP.js                  11.42 kB │ gzip:   4.17 kB
dist/assets/idl-BEugSyMb.js                            11.63 kB │ gzip:   4.52 kB
dist/assets/diagram-VX7I27RA-CcuTKZgP.js               11.74 kB │ gzip:   4.19 kB
dist/assets/AdminPage-T4aUrxKl.js                      12.32 kB │ gzip:   3.53 kB
dist/assets/dagre-GXQ25YYZ-CDir2VYe.js                 12.34 kB │ gzip:   4.71 kB
dist/assets/SourcesPage-DHxDHDdU.js                    12.40 kB │ gzip:   4.18 kB
dist/assets/index-FEn3DA93.js                          12.71 kB │ gzip:   5.61 kB
dist/assets/AgentDetail-BtAgHsyT.js                    13.26 kB │ gzip:   3.95 kB
dist/assets/OnboardPage-DmcutLoY.js                    13.74 kB │ gzip:   6.33 kB
dist/assets/FlowStepEditor-D72B4Hky.js                 13.75 kB │ gzip:   3.72 kB
dist/assets/index-BbCYSTjf.js                          14.79 kB │ gzip:   5.98 kB
dist/assets/SpaceMembers-BKp5TXbi.js                   14.89 kB │ gzip:   4.84 kB
dist/assets/sankeyDiagram-P5KCCOFB-DhPebKl3.js         15.07 kB │ gzip:   5.89 kB
dist/assets/diagram-chunk-SVP7TREG-BE9ThNSc.js         15.92 kB │ gzip:   4.50 kB
dist/assets/PageAgentBindingDialog-4NaFJFb4.js         16.46 kB │ gzip:   4.73 kB
dist/assets/TemplateEditor-C6l9eoDA.js                 16.90 kB │ gzip:   5.04 kB
dist/assets/javascript-iXu5QeM3.js                     17.08 kB │ gzip:   5.75 kB
dist/assets/index-U32BzjpH.js                          17.36 kB │ gzip:   7.98 kB
dist/assets/ishikawaDiagram-5VMMS53U-hveyqes8.js       18.80 kB │ gzip:   7.23 kB
dist/assets/KnowledgeGraph-Cnkdhdq2.js                 20.07 kB │ gzip:   7.55 kB
dist/assets/ReviewPage-C_MJNR7G.js                     20.45 kB │ gzip:   6.85 kB
dist/assets/PagePreview-CTopVEsg.js                    20.53 kB │ gzip:   6.55 kB
dist/assets/RunStartWizard-6V9CMMXL.js                 21.13 kB │ gzip:   6.38 kB
dist/assets/PageTemplateManager-5A1UQYPE.js            21.49 kB │ gzip:   5.56 kB
dist/assets/kanban-definition-UXKFOSKX-ClXBXLZt.js     21.91 kB │ gzip:   7.81 kB
dist/assets/index-BVx6tpFg.js                          21.94 kB │ gzip:   9.87 kB
dist/assets/index-BEF7iMXu.js                          22.22 kB │ gzip:  10.26 kB
dist/assets/clike-B9uivgTg.js                          22.30 kB │ gzip:   7.86 kB
dist/assets/CollaborationWorkspace-BZ6R6mSu.js         23.16 kB │ gzip:   6.68 kB
dist/assets/journeyDiagram-3NMN7TZE-DKt4EJQh.js        23.90 kB │ gzip:   8.51 kB
dist/assets/index-CWVA-Qy6.js                          24.11 kB │ gzip:  10.92 kB
dist/assets/mindmap-definition-YA3MSWOX-ZQ1M0iyk.js    24.47 kB │ gzip:   8.38 kB
dist/assets/stylus-B533Al4x.js                         25.80 kB │ gzip:   8.60 kB
dist/assets/wardleyDiagram-VM6X3IG4-BROrtEe8.js        26.58 kB │ gzip:   7.16 kB
dist/assets/css-BnMrqG3P.js                            27.13 kB │ gzip:   8.47 kB
dist/assets/RoleBindingEditor-M3ycsB_O.js              27.81 kB │ gzip:   7.79 kB
dist/assets/flowDiagram-HODETNUW-D7bE9OdU.js           28.38 kB │ gzip:   9.60 kB
dist/assets/zipObject-DEU0wpaZ.js                      28.62 kB │ gzip:  10.16 kB
dist/assets/purify.es-5AjVNlXF.js                      28.92 kB │ gzip:  11.14 kB
dist/assets/TaskboardPage-38JVoelJ.js                  29.80 kB │ gzip:  10.53 kB
dist/assets/NewContentPage-C9kMWP_U.js                 30.04 kB │ gzip:   8.83 kB
dist/assets/gitGraphDiagram-WWUBYQGX-D6eSgC6m.js       30.38 kB │ gzip:   9.08 kB
dist/assets/timeline-definition-24CTP7MA-m5b9mVtr.js   31.80 kB │ gzip:  10.64 kB
dist/assets/index-BKx4nQT0.js                          31.90 kB │ gzip:  13.20 kB
dist/assets/erDiagram-RLTQ6QDP-CP8IisH4.js             32.02 kB │ gzip:  11.10 kB
dist/assets/requirementDiagram-BXWQKSXE-DQY5BdK-.js    32.32 kB │ gzip:  10.30 kB
dist/assets/index-CMjzT8Tv.js                          33.43 kB │ gzip:  13.62 kB
dist/assets/quadrantDiagram-AXDQQJYC-Cgu0hGhQ.js       34.72 kB │ gzip:  10.25 kB
dist/assets/UsageGuide-6vn3VFnW.js                     35.06 kB │ gzip:  10.49 kB
dist/assets/RunDashboard-DSmdOg4C.js                   36.61 kB │ gzip:   9.66 kB
dist/assets/sql-D0XecflT.js                            37.05 kB │ gzip:  10.94 kB
dist/assets/diagram-chunk-OSK3NFVY-B1Ry15oY.js         37.35 kB │ gzip:   8.30 kB
dist/assets/diagram-chunk-IMKFNOWR-EVQPazF6.js         38.89 kB │ gzip:  12.77 kB
dist/assets/mermaid.core-ZXKEvsvs.js                   39.28 kB │ gzip:  13.02 kB
dist/assets/index-B7GX3ny9.js                          40.73 kB │ gzip:  16.76 kB
dist/assets/index-BCT6OVBj.js                          41.62 kB │ gzip:  13.04 kB
dist/assets/index-Bbbeo41Z.js                          43.24 kB │ gzip:  13.64 kB
dist/assets/vennDiagram-4TSXK5OY-gg4VuAry.js           43.61 kB │ gzip:  16.36 kB
dist/assets/xychartDiagram-S5SC5T6Z-2eEWiZZC.js        43.75 kB │ gzip:  12.35 kB
dist/assets/blockDiagram-I7D4REHJ-Bp5toXNg.js          44.27 kB │ gzip:  14.38 kB
dist/assets/index-CWO0t5mD.js                          46.21 kB │ gzip:  19.69 kB
dist/assets/diagram-chunk-LNGE3PJU-CGaQyviq.js         47.58 kB │ gzip:  16.23 kB
dist/assets/diagram-chunk-TICWLB2K-CaSksONn.js         49.62 kB │ gzip:  15.89 kB
dist/assets/ganttDiagram-EL5Y4UJY-DUHb4CZT.js          50.19 kB │ gzip:  17.20 kB
dist/assets/diagram-chunk-SHT3W25Y-285FrHb_.js         62.93 kB │ gzip:  20.14 kB
dist/assets/c4Diagram-7LVT6UL2-BI1thTbr.js             66.71 kB │ gzip:  19.33 kB
dist/assets/index-Ilgq-Zjy.js                          70.81 kB │ gzip:  25.85 kB
dist/assets/SpaceWorkspace-CBlt9D4w.js                 76.02 kB │ gzip:  21.50 kB
dist/assets/cose-bilkent-JH36ORCC-BZnb9Uh1.js          81.89 kB │ gzip:  22.57 kB
dist/assets/index-DMSbhowq.js                          98.88 kB │ gzip:  28.98 kB
dist/assets/index-jMc059Ta.js                         103.92 kB │ gzip:  34.39 kB
dist/assets/diagram-chunk-4HAMMTFA-6SgpqwcC.js        109.46 kB │ gzip:  26.93 kB
dist/assets/sequenceDiagram-WJ2MYXX4-DjV54lM6.js      117.95 kB │ gzip:  31.50 kB
dist/assets/sync-v3-BMC8q0ww.js                       118.03 kB │ gzip:  31.79 kB
dist/assets/swimlanes-42K2YHIH-BnjNNcj8.js            118.34 kB │ gzip:  43.38 kB
dist/assets/diagram-layout-DFgGrrzv.js                137.41 kB │ gzip:  43.88 kB
dist/assets/architectureDiagram-5GKGNRK7-COy-JQj4.js  152.66 kB │ gzip:  43.49 kB
dist/assets/diagram-chunk-DU6HZSFF-rspOuYaq.js        206.62 kB │ gzip:  23.37 kB
dist/assets/react-vendor-CTv3miC2.js                  239.30 kB │ gzip:  78.38 kB
dist/assets/math-vendor-DZljb3FC.js                   261.18 kB │ gzip:  77.76 kB
dist/assets/index-Dttrc_I-.js                         308.02 kB │ gzip:  91.52 kB
dist/assets/editor-core-7MhzyKWc.js                   336.67 kB │ gzip: 108.84 kB
dist/assets/Markdown-D5TjhH5p.js                      410.76 kB │ gzip: 128.24 kB
dist/assets/cytoscape.esm-BjAbmLdb.js                 443.83 kB │ gzip: 142.41 kB
dist/assets/PageEditor-ChDQogTP.js                    445.04 kB │ gzip: 155.09 kB
dist/assets/cynefin-OW5HDTMX-DWYjQLaf.js              690.86 kB │ gzip: 155.12 kB

(!) Some chunks are larger than 500 kB after minification. Consider:
- Using dynamic import() to code-split the application
- Use build.rollupOptions.output.manualChunks to improve chunking: https://rollupjs.org/configuration-options/#output-manualchunks
- Adjust chunk size limit for this warning via build.chunkSizeWarningLimit.
✓ built in 10.11s
